This is pdfTeX, Version 3.141592653-2.6-1.40.25 (MiKTeX 24.1) (preloaded format=pdflatex.fmt)
 restricted \write18 enabled.
entering extended mode
(main.tex
LaTeX2e <2023-11-01> patch level 1
L3 programming layer <2024-01-04>
(C:\Users\yazid\AppData\Local\Programs\MiKTeX\tex/latex/base\report.cls
Document Class: report 2023/05/17 v1.4n Standard LaTeX document class
(C:\Users\yazid\AppData\Local\Programs\MiKTeX\tex/latex/base\size12.clo))
(C:\Users\yazid\AppData\Local\Programs\MiKTeX\tex/latex/base\inputenc.sty)
(C:\Users\yazid\AppData\Local\Programs\MiKTeX\tex/latex/base\fontenc.sty)
(C:\Users\yazid\AppData\Local\Programs\MiKTeX\tex/generic/babel\babel.sty
(C:\Users\yazid\AppData\Local\Programs\MiKTeX\tex/generic/babel\txtbabel.def)
*************************************
* Local config file bblopts.cfg used
*
(C:\Users\yazid\AppData\Local\Programs\MiKTeX\tex/latex/arabi\bblopts.cfg)
(C:\Users\yazid\AppData\Local\Programs\MiKTeX\tex/generic/babel-french\french.l
df))
(C:\Users\yazid\AppData\Local\Programs\MiKTeX\tex/generic/babel/locale/fr\babel
-french.tex)
(C:\Users\yazid\AppData\Local\Programs\MiKTeX\tex/latex/carlisle\scalefnt.sty)
(C:\Users\yazid\AppData\Local\Programs\MiKTeX\tex/latex/graphics\graphicx.sty
(C:\Users\yazid\AppData\Local\Programs\MiKTeX\tex/latex/graphics\keyval.sty)
(C:\Users\yazid\AppData\Local\Programs\MiKTeX\tex/latex/graphics\graphics.sty
(C:\Users\yazid\AppData\Local\Programs\MiKTeX\tex/latex/graphics\trig.sty)
(C:\Users\yazid\AppData\Local\Programs\MiKTeX\tex/latex/graphics-cfg\graphics.c
fg)
(C:\Users\yazid\AppData\Local\Programs\MiKTeX\tex/latex/graphics-def\pdftex.def
)))
(C:\Users\yazid\AppData\Local\Programs\MiKTeX\tex/latex/caption\subcaption.sty
(C:\Users\yazid\AppData\Local\Programs\MiKTeX\tex/latex/caption\caption.sty
(C:\Users\yazid\AppData\Local\Programs\MiKTeX\tex/latex/caption\caption3.sty)))
 (C:\Users\yazid\AppData\Local\Programs\MiKTeX\tex/latex/titlesec\titlesec.sty)
 (C:\Users\yazid\AppData\Local\Programs\MiKTeX\tex/latex/geometry\geometry.sty
(C:\Users\yazid\AppData\Local\Programs\MiKTeX\tex/generic/iftex\ifvtex.sty
(C:\Users\yazid\AppData\Local\Programs\MiKTeX\tex/generic/iftex\iftex.sty))
(C:\Users\yazid\AppData\Local\Programs\MiKTeX\tex/latex/geometry\geometry.cfg))

(C:\Users\yazid\AppData\Local\Programs\MiKTeX\tex/latex/pgf/frontendlayer\tikz.
sty
(C:\Users\yazid\AppData\Local\Programs\MiKTeX\tex/latex/pgf/basiclayer\pgf.sty
(C:\Users\yazid\AppData\Local\Programs\MiKTeX\tex/latex/pgf/utilities\pgfrcs.st
y
(C:\Users\yazid\AppData\Local\Programs\MiKTeX\tex/generic/pgf/utilities\pgfutil
-common.tex)
(C:\Users\yazid\AppData\Local\Programs\MiKTeX\tex/generic/pgf/utilities\pgfutil
-latex.def)
(C:\Users\yazid\AppData\Local\Programs\MiKTeX\tex/generic/pgf/utilities\pgfrcs.
code.tex
(C:\Users\yazid\AppData\Local\Programs\MiKTeX\tex/generic/pgf\pgf.revision.tex)
))
(C:\Users\yazid\AppData\Local\Programs\MiKTeX\tex/latex/pgf/basiclayer\pgfcore.
sty
(C:\Users\yazid\AppData\Local\Programs\MiKTeX\tex/latex/pgf/systemlayer\pgfsys.
sty
(C:\Users\yazid\AppData\Local\Programs\MiKTeX\tex/generic/pgf/systemlayer\pgfsy
s.code.tex
(C:\Users\yazid\AppData\Local\Programs\MiKTeX\tex/generic/pgf/utilities\pgfkeys
.code.tex
(C:\Users\yazid\AppData\Local\Programs\MiKTeX\tex/generic/pgf/utilities\pgfkeys
libraryfiltered.code.tex))
(C:\Users\yazid\AppData\Local\Programs\MiKTeX\tex/generic/pgf/systemlayer\pgf.c
fg)
(C:\Users\yazid\AppData\Local\Programs\MiKTeX\tex/generic/pgf/systemlayer\pgfsy
s-pdftex.def
(C:\Users\yazid\AppData\Local\Programs\MiKTeX\tex/generic/pgf/systemlayer\pgfsy
s-common-pdf.def)))
(C:\Users\yazid\AppData\Local\Programs\MiKTeX\tex/generic/pgf/systemlayer\pgfsy
ssoftpath.code.tex)
(C:\Users\yazid\AppData\Local\Programs\MiKTeX\tex/generic/pgf/systemlayer\pgfsy
sprotocol.code.tex))
(C:\Users\yazid\AppData\Local\Programs\MiKTeX\tex/latex/xcolor\xcolor.sty
(C:\Users\yazid\AppData\Local\Programs\MiKTeX\tex/latex/graphics-cfg\color.cfg)
(C:\Users\yazid\AppData\Local\Programs\MiKTeX\tex/latex/graphics\mathcolor.ltx)
)
(C:\Users\yazid\AppData\Local\Programs\MiKTeX\tex/generic/pgf/basiclayer\pgfcor
e.code.tex
(C:\Users\yazid\AppData\Local\Programs\MiKTeX\tex/generic/pgf/math\pgfmath.code
.tex
(C:\Users\yazid\AppData\Local\Programs\MiKTeX\tex/generic/pgf/math\pgfmathutil.
code.tex)
(C:\Users\yazid\AppData\Local\Programs\MiKTeX\tex/generic/pgf/math\pgfmathparse
r.code.tex)
(C:\Users\yazid\AppData\Local\Programs\MiKTeX\tex/generic/pgf/math\pgfmathfunct
ions.code.tex)
(C:\Users\yazid\AppData\Local\Programs\MiKTeX\tex/generic/pgf/math\pgfmathfunct
ions.basic.code.tex)
(C:\Users\yazid\AppData\Local\Programs\MiKTeX\tex/generic/pgf/math\pgfmathfunct
ions.trigonometric.code.tex)
(C:\Users\yazid\AppData\Local\Programs\MiKTeX\tex/generic/pgf/math\pgfmathfunct
ions.random.code.tex)
(C:\Users\yazid\AppData\Local\Programs\MiKTeX\tex/generic/pgf/math\pgfmathfunct
ions.comparison.code.tex)
(C:\Users\yazid\AppData\Local\Programs\MiKTeX\tex/generic/pgf/math\pgfmathfunct
ions.base.code.tex)
(C:\Users\yazid\AppData\Local\Programs\MiKTeX\tex/generic/pgf/math\pgfmathfunct
ions.round.code.tex)
(C:\Users\yazid\AppData\Local\Programs\MiKTeX\tex/generic/pgf/math\pgfmathfunct
ions.misc.code.tex)
(C:\Users\yazid\AppData\Local\Programs\MiKTeX\tex/generic/pgf/math\pgfmathfunct
ions.integerarithmetics.code.tex)
(C:\Users\yazid\AppData\Local\Programs\MiKTeX\tex/generic/pgf/math\pgfmathcalc.
code.tex)
(C:\Users\yazid\AppData\Local\Programs\MiKTeX\tex/generic/pgf/math\pgfmathfloat
.code.tex))
(C:\Users\yazid\AppData\Local\Programs\MiKTeX\tex/generic/pgf/math\pgfint.code.
tex)
(C:\Users\yazid\AppData\Local\Programs\MiKTeX\tex/generic/pgf/basiclayer\pgfcor
epoints.code.tex)
(C:\Users\yazid\AppData\Local\Programs\MiKTeX\tex/generic/pgf/basiclayer\pgfcor
epathconstruct.code.tex)
(C:\Users\yazid\AppData\Local\Programs\MiKTeX\tex/generic/pgf/basiclayer\pgfcor
epathusage.code.tex)
(C:\Users\yazid\AppData\Local\Programs\MiKTeX\tex/generic/pgf/basiclayer\pgfcor
escopes.code.tex)
(C:\Users\yazid\AppData\Local\Programs\MiKTeX\tex/generic/pgf/basiclayer\pgfcor
egraphicstate.code.tex)
(C:\Users\yazid\AppData\Local\Programs\MiKTeX\tex/generic/pgf/basiclayer\pgfcor
etransformations.code.tex)
(C:\Users\yazid\AppData\Local\Programs\MiKTeX\tex/generic/pgf/basiclayer\pgfcor
equick.code.tex)
(C:\Users\yazid\AppData\Local\Programs\MiKTeX\tex/generic/pgf/basiclayer\pgfcor
eobjects.code.tex)
(C:\Users\yazid\AppData\Local\Programs\MiKTeX\tex/generic/pgf/basiclayer\pgfcor
epathprocessing.code.tex)
(C:\Users\yazid\AppData\Local\Programs\MiKTeX\tex/generic/pgf/basiclayer\pgfcor
earrows.code.tex)
(C:\Users\yazid\AppData\Local\Programs\MiKTeX\tex/generic/pgf/basiclayer\pgfcor
eshade.code.tex)
(C:\Users\yazid\AppData\Local\Programs\MiKTeX\tex/generic/pgf/basiclayer\pgfcor
eimage.code.tex)
(C:\Users\yazid\AppData\Local\Programs\MiKTeX\tex/generic/pgf/basiclayer\pgfcor
eexternal.code.tex)
(C:\Users\yazid\AppData\Local\Programs\MiKTeX\tex/generic/pgf/basiclayer\pgfcor
elayers.code.tex)
(C:\Users\yazid\AppData\Local\Programs\MiKTeX\tex/generic/pgf/basiclayer\pgfcor
etransparency.code.tex)
(C:\Users\yazid\AppData\Local\Programs\MiKTeX\tex/generic/pgf/basiclayer\pgfcor
epatterns.code.tex)
(C:\Users\yazid\AppData\Local\Programs\MiKTeX\tex/generic/pgf/basiclayer\pgfcor
erdf.code.tex)))
(C:\Users\yazid\AppData\Local\Programs\MiKTeX\tex/generic/pgf/modules\pgfmodule
shapes.code.tex)
(C:\Users\yazid\AppData\Local\Programs\MiKTeX\tex/generic/pgf/modules\pgfmodule
plot.code.tex)
(C:\Users\yazid\AppData\Local\Programs\MiKTeX\tex/latex/pgf/compatibility\pgfco
mp-version-0-65.sty)
(C:\Users\yazid\AppData\Local\Programs\MiKTeX\tex/latex/pgf/compatibility\pgfco
mp-version-1-18.sty))
(C:\Users\yazid\AppData\Local\Programs\MiKTeX\tex/latex/pgf/utilities\pgffor.st
y
(C:\Users\yazid\AppData\Local\Programs\MiKTeX\tex/latex/pgf/utilities\pgfkeys.s
ty
(C:\Users\yazid\AppData\Local\Programs\MiKTeX\tex/generic/pgf/utilities\pgfkeys
.code.tex))
(C:\Users\yazid\AppData\Local\Programs\MiKTeX\tex/latex/pgf/math\pgfmath.sty
(C:\Users\yazid\AppData\Local\Programs\MiKTeX\tex/generic/pgf/math\pgfmath.code
.tex))
(C:\Users\yazid\AppData\Local\Programs\MiKTeX\tex/generic/pgf/utilities\pgffor.
code.tex))
(C:\Users\yazid\AppData\Local\Programs\MiKTeX\tex/generic/pgf/frontendlayer/tik
z\tikz.code.tex
(C:\Users\yazid\AppData\Local\Programs\MiKTeX\tex/generic/pgf/libraries\pgflibr
aryplothandlers.code.tex)
(C:\Users\yazid\AppData\Local\Programs\MiKTeX\tex/generic/pgf/modules\pgfmodule
matrix.code.tex)
(C:\Users\yazid\AppData\Local\Programs\MiKTeX\tex/generic/pgf/frontendlayer/tik
z/libraries\tikzlibrarytopaths.code.tex)))
(C:\Users\yazid\AppData\Local\Programs\MiKTeX\tex/latex/ragged2e\ragged2e.sty)
(C:\Users\yazid\AppData\Local\Programs\MiKTeX\tex/generic/pgf/frontendlayer/tik
z/libraries\tikzlibraryshapes.geometric.code.tex
(C:\Users\yazid\AppData\Local\Programs\MiKTeX\tex/generic/pgf/libraries/shapes\
pgflibraryshapes.geometric.code.tex))
(C:\Users\yazid\AppData\Local\Programs\MiKTeX\tex/generic/pgf/libraries\pgflibr
aryarrows.meta.code.tex)
(C:\Users\yazid\AppData\Local\Programs\MiKTeX\tex/generic/pgf/frontendlayer/tik
z/libraries\tikzlibraryshadows.code.tex
(C:\Users\yazid\AppData\Local\Programs\MiKTeX\tex/generic/pgf/frontendlayer/tik
z/libraries\tikzlibraryfadings.code.tex
(C:\Users\yazid\AppData\Local\Programs\MiKTeX\tex/generic/pgf/libraries\pgflibr
aryfadings.code.tex)))
(C:\Users\yazid\AppData\Local\Programs\MiKTeX\tex/generic/pgf/frontendlayer/tik
z/libraries\tikzlibrarypositioning.code.tex)
(C:\Users\yazid\AppData\Local\Programs\MiKTeX\tex/latex/lm\lmodern.sty)
(C:\Users\yazid\AppData\Local\Programs\MiKTeX\tex/latex/tocloft\tocloft.sty)
(C:\Users\yazid\AppData\Local\Programs\MiKTeX\tex/latex/float\float.sty)
(C:\Users\yazid\AppData\Local\Programs\MiKTeX\tex/latex/tools\array.sty)
(C:\Users\yazid\AppData\Local\Programs\MiKTeX\tex/latex/colortbl\colortbl.sty)
(C:\Users\yazid\AppData\Local\Programs\MiKTeX\tex/latex/listings\listings.sty
(C:\Users\yazid\AppData\Local\Programs\MiKTeX\tex/latex/listings\lstmisc.sty)
(C:\Users\yazid\AppData\Local\Programs\MiKTeX\tex/latex/listings\listings.cfg))
(C:\Users\yazid\AppData\Local\Programs\MiKTeX\tex/latex/hyperref\hyperref.sty
(C:\Users\yazid\AppData\Local\Programs\MiKTeX\tex/generic/infwarerr\infwarerr.s
ty)
(C:\Users\yazid\AppData\Local\Programs\MiKTeX\tex/latex/kvsetkeys\kvsetkeys.sty
)
(C:\Users\yazid\AppData\Local\Programs\MiKTeX\tex/generic/kvdefinekeys\kvdefine
keys.sty)
(C:\Users\yazid\AppData\Local\Programs\MiKTeX\tex/generic/pdfescape\pdfescape.s
ty
(C:\Users\yazid\AppData\Local\Programs\MiKTeX\tex/generic/ltxcmds\ltxcmds.sty)
(C:\Users\yazid\AppData\Local\Programs\MiKTeX\tex/generic/pdftexcmds\pdftexcmds
.sty))
(C:\Users\yazid\AppData\Local\Programs\MiKTeX\tex/latex/hycolor\hycolor.sty)
(C:\Users\yazid\AppData\Local\Programs\MiKTeX\tex/latex/letltxmacro\letltxmacro
.sty)
(C:\Users\yazid\AppData\Local\Programs\MiKTeX\tex/latex/auxhook\auxhook.sty)
(C:\Users\yazid\AppData\Local\Programs\MiKTeX\tex/latex/hyperref\nameref.sty
(C:\Users\yazid\AppData\Local\Programs\MiKTeX\tex/latex/refcount\refcount.sty)
(C:\Users\yazid\AppData\Local\Programs\MiKTeX\tex/generic/gettitlestring\gettit
lestring.sty
(C:\Users\yazid\AppData\Local\Programs\MiKTeX\tex/latex/kvoptions\kvoptions.sty
)))
(C:\Users\yazid\AppData\Local\Programs\MiKTeX\tex/latex/etoolbox\etoolbox.sty)
(C:\Users\yazid\AppData\Local\Programs\MiKTeX\tex/latex/hyperref\pd1enc.def)
(C:\Users\yazid\AppData\Local\Programs\MiKTeX\tex/generic/intcalc\intcalc.sty)
(C:\Users\yazid\AppData\Local\Programs\MiKTeX\tex/latex/hyperref\puenc.def)
(C:\Users\yazid\AppData\Local\Programs\MiKTeX\tex/latex/url\url.sty)
(C:\Users\yazid\AppData\Local\Programs\MiKTeX\tex/generic/bitset\bitset.sty
(C:\Users\yazid\AppData\Local\Programs\MiKTeX\tex/generic/bigintcalc\bigintcalc
.sty))
(C:\Users\yazid\AppData\Local\Programs\MiKTeX\tex/latex/base\atbegshi-ltx.sty))
(C:\Users\yazid\AppData\Local\Programs\MiKTeX\tex/latex/hyperref\hpdftex.def
(C:\Users\yazid\AppData\Local\Programs\MiKTeX\tex/latex/base\atveryend-ltx.sty)

(C:\Users\yazid\AppData\Local\Programs\MiKTeX\tex/latex/rerunfilecheck\rerunfil
echeck.sty
(C:\Users\yazid\AppData\Local\Programs\MiKTeX\tex/generic/uniquecounter\uniquec
ounter.sty)))
(C:\Users\yazid\AppData\Local\Programs\MiKTeX\tex/latex/fancyhdr\fancyhdr.sty)
(C:\Users\yazid\AppData\Local\Programs\MiKTeX\tex/latex/framed\framed.sty)
(C:\Users\yazid\AppData\Local\Programs\MiKTeX\tex/latex/mdframed\mdframed.sty
(C:\Users\yazid\AppData\Local\Programs\MiKTeX\tex/latex/l3packages/xparse\xpars
e.sty
(C:\Users\yazid\AppData\Local\Programs\MiKTeX\tex/latex/l3kernel\expl3.sty
(C:\Users\yazid\AppData\Local\Programs\MiKTeX\tex/latex/l3backend\l3backend-pdf
tex.def)))
(C:\Users\yazid\AppData\Local\Programs\MiKTeX\tex/latex/zref\zref-abspage.sty
(C:\Users\yazid\AppData\Local\Programs\MiKTeX\tex/latex/zref\zref-base.sty
(C:\Users\yazid\AppData\Local\Programs\MiKTeX\tex/generic/etexcmds\etexcmds.sty
)))
(C:\Users\yazid\AppData\Local\Programs\MiKTeX\tex/latex/needspace\needspace.sty
)
(C:\Users\yazid\AppData\Local\Programs\MiKTeX\tex/latex/mdframed\md-frame-0.mdf
))
(C:\Users\yazid\AppData\Local\Programs\MiKTeX\tex/latex/enumitem\enumitem.sty)
(C:\Users\yazid\AppData\Local\Programs\MiKTeX\tex/latex/booktabs\booktabs.sty)
(C:\Users\yazid\AppData\Local\Programs\MiKTeX\tex/latex/listings\lstlang1.sty)
(C:\Users\yazid\AppData\Local\Programs\MiKTeX\tex/latex/listings\lstmisc.sty)
(C:\Users\yazid\AppData\Local\Programs\MiKTeX\tex/latex/lm\t1lmr.fd) (main.aux)

Runaway argument?
{\contentsline {subsection}{\numberline {2.5.2}Calcul Pr├®cis des Nui\ETC.
! File ended while scanning use of \@writefile.
<inserted text> 
                \par 
l.146 \begin{document}
                      

(C:\Users\yazid\AppData\Local\Programs\MiKTeX\tex/context/base/mkii\supp-pdf.mk
ii
[Loading MPS to PDF converter (version 2006.09.02).]
)
(C:\Users\yazid\AppData\Local\Programs\MiKTeX\tex/latex/epstopdf-pkg\epstopdf-b
ase.sty
(C:\Users\yazid\AppData\Local\Programs\MiKTeX\tex/latex/00miktex\epstopdf-sys.c
fg))
*geometry* driver: auto-detecting
*geometry* detected driver: pdftex
(main.out)
Runaway argument?
{section.2. 
! File ended while scanning use of \@@BOOKMARK.
<inserted text> 
                \par 
l.146 \begin{document}
                      
(main.out)
Runaway argument?
{section.2. 
! File ended while scanning use of \@@BOOKMARK.
<inserted text> 
                \par 
l.146 \begin{document}
                      
(C:\Users\yazid\AppData\Local\Programs\MiKTeX\tex/latex/lm\ot1lmr.fd)
(C:\Users\yazid\AppData\Local\Programs\MiKTeX\tex/latex/lm\omllmm.fd)
(C:\Users\yazid\AppData\Local\Programs\MiKTeX\tex/latex/lm\omslmsy.fd)
(C:\Users\yazid\AppData\Local\Programs\MiKTeX\tex/latex/lm\omxlmex.fd) [1{C:/Us
ers/yazid/AppData/Local/MiKTeX/fonts/map/pdftex/pdftex.map}{C:/Users/yazid/AppD
ata/Local/Programs/MiKTeX/fonts/enc/dvips/lm/lm-ec.enc} <./logos/UAE.png> <./lo
gos/ENSAH.png>]
pdfTeX warning (ext4): destination with the same identifier (name{page.1}) has 
been already used, duplicate ignored
<to be read again> 
                   \relax 
l.213 \chapter
              *{R├®sum├®} [1] [2] [3] (main.toc) [4] (main.lof) [5]
Chapitre 1.
[6{C:/Users/yazid/AppData/Local/Programs/MiKTeX/fonts/enc/dvips/lm/lm-mathsy.en
c}] [7]
Chapitre 2.

LaTeX Font Warning: Font shape `T1/lmr/bx/scit' undefined
(Font)              using `T1/lmr/bx/sc' instead on input line 345.


LaTeX Font Warning: Font shape `T1/lmr/bx/sc' undefined
(Font)              using `T1/lmr/bx/n' instead on input line 345.


LaTeX Font Warning: Font shape `T1/lmr/bx/scit' undefined
(Font)              using `T1/lmr/bx/sc' instead on input line 345.

(C:\Users\yazid\AppData\Local\Programs\MiKTeX\tex/latex/lm\t1lmtt.fd) [8]
Overfull \hbox (42.76451pt too wide) in paragraph at lines 387--388
[]\T1/lmr/m/n/12 Notre sys-tÞme uti-lise quatre struc-tures de don-nÚes fon-da-
men-tales, dÚ-fi-nies dans \T1/lmtt/m/n/12 structures.h \T1/lmr/m/n/12 : 
[9]

LaTeX Font Warning: Font shape `T1/lmr/bx/scit' undefined
(Font)              using `T1/lmr/bx/sc' instead on input line 447.


LaTeX Font Warning: Font shape `T1/lmr/bx/scit' undefined
(Font)              using `T1/lmr/bx/sc' instead on input line 447.


LaTeX Font Warning: Font shape `T1/lmr/bx/scit' undefined
(Font)              using `T1/lmr/bx/sc' instead on input line 461.


LaTeX Font Warning: Font shape `T1/lmr/bx/scit' undefined
(Font)              using `T1/lmr/bx/sc' instead on input line 461.

[10]
Overfull \hbox (3.90672pt too wide) in paragraph at lines 467--468
[]\T1/lmr/bx/n/12 RÚceptionniste \T1/lmr/m/n/12 : GÞre les opÚ-ra-tions quo-ti-
diennes de l'h¶-tel (en-re-gis-tre-ment des clients,

LaTeX Font Warning: Font shape `T1/lmr/bx/scit' undefined
(Font)              using `T1/lmr/bx/sc' instead on input line 487.


LaTeX Font Warning: Font shape `T1/lmr/bx/scit' undefined
(Font)              using `T1/lmr/bx/sc' instead on input line 487.

[11 <./diagramms/S-PROJET/SA (2).png>]

LaTeX Font Warning: Font shape `T1/lmr/bx/scit' undefined
(Font)              using `T1/lmr/bx/sc' instead on input line 510.


LaTeX Font Warning: Font shape `T1/lmr/bx/scit' undefined
(Font)              using `T1/lmr/bx/sc' instead on input line 510.

[12 <./diagramms/S-PROJET/SB (2).png> <./diagramms/S-PROJET/SC.png>]

LaTeX Font Warning: Font shape `T1/lmr/bx/scit' undefined
(Font)              using `T1/lmr/bx/sc' instead on input line 529.


LaTeX Font Warning: Font shape `T1/lmr/bx/scit' undefined
(Font)              using `T1/lmr/bx/sc' instead on input line 529.

(C:\Users\yazid\AppData\Local\Programs\MiKTeX\tex/latex/lm\ts1lmr.fd)

LaTeX Font Warning: Font shape `T1/lmr/bx/scit' undefined
(Font)              using `T1/lmr/bx/sc' instead on input line 550.


LaTeX Font Warning: Font shape `T1/lmr/bx/scit' undefined
(Font)              using `T1/lmr/bx/sc' instead on input line 550.

[13{C:/Users/yazid/AppData/Local/Programs/MiKTeX/fonts/enc/dvips/lm/lm-ts1.enc}
 <./diagramms/S-PROJET/SD.png>]

LaTeX Font Warning: Font shape `T1/lmr/bx/scit' undefined
(Font)              using `T1/lmr/bx/sc' instead on input line 571.


LaTeX Font Warning: Font shape `T1/lmr/bx/scit' undefined
(Font)              using `T1/lmr/bx/sc' instead on input line 571.

[14 <./diagramms/S-PROJET/SE.png> <./diagramms/S-PROJET/SF.png>]

LaTeX Font Warning: Font shape `T1/lmr/bx/scit' undefined
(Font)              using `T1/lmr/bx/sc' instead on input line 591.


LaTeX Font Warning: Font shape `T1/lmr/bx/scit' undefined
(Font)              using `T1/lmr/bx/sc' instead on input line 591.


LaTeX Font Warning: Font shape `T1/lmr/bx/scit' undefined
(Font)              using `T1/lmr/bx/sc' instead on input line 610.


LaTeX Font Warning: Font shape `T1/lmr/bx/scit' undefined
(Font)              using `T1/lmr/bx/sc' instead on input line 610.

[15 <./diagramms/S-PROJET/SG.png>]

LaTeX Font Warning: Font shape `T1/lmr/bx/scit' undefined
(Font)              using `T1/lmr/bx/sc' instead on input line 628.


LaTeX Font Warning: Font shape `T1/lmr/bx/scit' undefined
(Font)              using `T1/lmr/bx/sc' instead on input line 628.

[16 <./diagramms/S-PROJET/SH.png>]

LaTeX Font Warning: Font shape `T1/lmr/bx/scit' undefined
(Font)              using `T1/lmr/bx/sc' instead on input line 646.


LaTeX Font Warning: Font shape `T1/lmr/bx/scit' undefined
(Font)              using `T1/lmr/bx/sc' instead on input line 646.

[17 <./diagramms/S-PROJET/SI.png>]
! Undefined control sequence.
<argument> ...rtpbox {\@nextchar }\insert@pcolumn 
                                                  \@endpbox \do@row@strut \o...
l.668 \begin{tabular}{L{3.5cm}L{11cm}}
                                      
! Undefined control sequence.
<argument> ...rtpbox {\@nextchar }\insert@pcolumn 
                                                  \@endpbox \do@row@strut \o...
l.668 \begin{tabular}{L{3.5cm}L{11cm}}
                                      
! Missing # inserted in alignment preamble.
<to be read again> 
                   &
l.668 \begin{tabular}{L{3.5cm}L{11cm}}
                                      
! Missing # inserted in alignment preamble.
<to be read again> 
                   \cr 
l.668 \begin{tabular}{L{3.5cm}L{11cm}}
                                      

Overfull \hbox (605.27876pt too wide) in paragraph at lines 668--679
 [][] 

LaTeX Font Warning: Font shape `T1/lmr/bx/scit' undefined
(Font)              using `T1/lmr/bx/sc' instead on input line 679.


LaTeX Font Warning: Font shape `T1/lmr/bx/scit' undefined
(Font)              using `T1/lmr/bx/sc' instead on input line 679.


Overfull \hbox (6.62079pt too wide) in paragraph at lines 692--692
 [][]\T1/lmr/m/n/12 Credentials 

LaTeX Font Warning: Font shape `T1/lmr/bx/scit' undefined
(Font)              using `T1/lmr/bx/sc' instead on input line 706.


LaTeX Font Warning: Font shape `T1/lmr/bx/scit' undefined
(Font)              using `T1/lmr/bx/sc' instead on input line 706.

[18 <./diagramms/S-PROJET/SJ.jpg>] [19] [20]
Chapitre 3.
(C:\Users\yazid\AppData\Local\Programs\MiKTeX\tex/latex/listings\lstlang1.sty)
(C:\Users\yazid\AppData\Local\Programs\MiKTeX\tex/latex/listings\lstlang2.sty)
(C:\Users\yazid\AppData\Local\Programs\MiKTeX\tex/latex/listings\lstmisc.sty)
[21] [22]

! LaTeX Error: Invalid UTF-8 byte sequence (├\expandafter).

See the LaTeX manual or LaTeX Companion for explanation.
Type  H <return>  for immediate help.
 ...                                              
                                                  
l.866 // Lib├®ration 
                     syst├®matique

! LaTeX Error: Invalid UTF-8 byte "A9.

See the LaTeX manual or LaTeX Companion for explanation.
Type  H <return>  for immediate help.
 ...                                              
                                                  
l.866 // Lib├®ration 
                     syst├®matique

! LaTeX Error: Invalid UTF-8 byte sequence (├\expandafter).

See the LaTeX manual or LaTeX Companion for explanation.
Type  H <return>  for immediate help.
 ...                                              
                                                  
l.866 // Lib├®ration syst├®matique
                                  

! LaTeX Error: Invalid UTF-8 byte "A9.

See the LaTeX manual or LaTeX Companion for explanation.
Type  H <return>  for immediate help.
 ...                                              
                                                  
l.866 // Lib├®ration syst├®matique
                                  
[23]
Chapitre 4.

LaTeX Font Warning: Font shape `T1/lmr/bx/scit' undefined
(Font)              using `T1/lmr/bx/sc' instead on input line 912.


LaTeX Font Warning: Font shape `T1/lmr/bx/scit' undefined
(Font)              using `T1/lmr/bx/sc' instead on input line 912.


LaTeX Font Warning: Font shape `T1/lmr/bx/scit' undefined
(Font)              using `T1/lmr/bx/sc' instead on input line 920.


LaTeX Font Warning: Font shape `T1/lmr/bx/scit' undefined
(Font)              using `T1/lmr/bx/sc' instead on input line 920.

[24 <./screenshots/1.png>]

LaTeX Font Warning: Font shape `T1/lmr/bx/scit' undefined
(Font)              using `T1/lmr/bx/sc' instead on input line 932.


LaTeX Font Warning: Font shape `T1/lmr/bx/scit' undefined
(Font)              using `T1/lmr/bx/sc' instead on input line 932.


LaTeX Font Warning: Font shape `T1/lmr/bx/scit' undefined
(Font)              using `T1/lmr/bx/sc' instead on input line 940.


LaTeX Font Warning: Font shape `T1/lmr/bx/scit' undefined
(Font)              using `T1/lmr/bx/sc' instead on input line 940.

[25 <./screenshots/4.png> <./screenshots/2-1.png>]

LaTeX Font Warning: Font shape `T1/lmr/bx/scit' undefined
(Font)              using `T1/lmr/bx/sc' instead on input line 948.


LaTeX Font Warning: Font shape `T1/lmr/bx/scit' undefined
(Font)              using `T1/lmr/bx/sc' instead on input line 948.


LaTeX Font Warning: Font shape `T1/lmr/bx/scit' undefined
(Font)              using `T1/lmr/bx/sc' instead on input line 956.


LaTeX Font Warning: Font shape `T1/lmr/bx/scit' undefined
(Font)              using `T1/lmr/bx/sc' instead on input line 956.

[26 <./screenshots/2-2.png> <./screenshots/2-3.png>]

LaTeX Font Warning: Font shape `T1/lmr/bx/scit' undefined
(Font)              using `T1/lmr/bx/sc' instead on input line 970.


LaTeX Font Warning: Font shape `T1/lmr/bx/scit' undefined
(Font)              using `T1/lmr/bx/sc' instead on input line 970.

[27 <./screenshots/2-4.png> <./screenshots/4-1.png>]

LaTeX Font Warning: Font shape `T1/lmr/bx/scit' undefined
(Font)              using `T1/lmr/bx/sc' instead on input line 990.


LaTeX Font Warning: Font shape `T1/lmr/bx/scit' undefined
(Font)              using `T1/lmr/bx/sc' instead on input line 990.


LaTeX Font Warning: Font shape `T1/lmr/bx/scit' undefined
(Font)              using `T1/lmr/bx/sc' instead on input line 1004.


LaTeX Font Warning: Font shape `T1/lmr/bx/scit' undefined
(Font)              using `T1/lmr/bx/sc' instead on input line 1004.

[28 <./screenshots/3.png>]

LaTeX Font Warning: Font shape `T1/lmr/bx/scit' undefined
(Font)              using `T1/lmr/bx/sc' instead on input line 1012.


LaTeX Font Warning: Font shape `T1/lmr/bx/scit' undefined
(Font)              using `T1/lmr/bx/sc' instead on input line 1012.


LaTeX Font Warning: Font shape `T1/lmr/bx/scit' undefined
(Font)              using `T1/lmr/bx/sc' instead on input line 1020.


LaTeX Font Warning: Font shape `T1/lmr/bx/scit' undefined
(Font)              using `T1/lmr/bx/sc' instead on input line 1020.

[29 <./screenshots/4-2.png> <./screenshots/3-5.png>]

LaTeX Font Warning: Font shape `T1/lmr/bx/scit' undefined
(Font)              using `T1/lmr/bx/sc' instead on input line 1032.


LaTeX Font Warning: Font shape `T1/lmr/bx/scit' undefined
(Font)              using `T1/lmr/bx/sc' instead on input line 1032.


LaTeX Font Warning: Font shape `T1/lmr/bx/scit' undefined
(Font)              using `T1/lmr/bx/sc' instead on input line 1046.


LaTeX Font Warning: Font shape `T1/lmr/bx/scit' undefined
(Font)              using `T1/lmr/bx/sc' instead on input line 1046.

[30 <./screenshots/3-6.png> <./screenshots/4-3.png>]

LaTeX Font Warning: Font shape `T1/lmr/bx/scit' undefined
(Font)              using `T1/lmr/bx/sc' instead on input line 1054.


LaTeX Font Warning: Font shape `T1/lmr/bx/scit' undefined
(Font)              using `T1/lmr/bx/sc' instead on input line 1054.


Overfull \hbox (2.81212pt too wide) in paragraph at lines 1057--1058
[]\T1/lmr/m/n/12 L'interface "Edit Room" per-met Ó l'ad-mi-nis-tra-teur de mo-d
i-fier les dÚ-tails d'une chambre

LaTeX Font Warning: Font shape `T1/lmr/bx/scit' undefined
(Font)              using `T1/lmr/bx/sc' instead on input line 1066.


LaTeX Font Warning: Font shape `T1/lmr/bx/scit' undefined
(Font)              using `T1/lmr/bx/sc' instead on input line 1066.

[31 <./screenshots/4-4.png> <./screenshots/4-6.png>]

LaTeX Font Warning: Font shape `T1/lmr/bx/scit' undefined
(Font)              using `T1/lmr/bx/sc' instead on input line 1080.


LaTeX Font Warning: Font shape `T1/lmr/bx/scit' undefined
(Font)              using `T1/lmr/bx/sc' instead on input line 1080.


Overfull \hbox (6.42697pt too wide) in paragraph at lines 1083--1084
[]\T1/lmr/m/n/12 L'interface "Browse & Book Rooms" prÚ-sente un ta-bleau lis-ta
nt les Nu-mÚ-ros de chambre,
[32 <./screenshots/4-5.png> <./screenshots/3-1.png>]

LaTeX Font Warning: Font shape `T1/lmr/bx/scit' undefined
(Font)              using `T1/lmr/bx/sc' instead on input line 1088.


LaTeX Font Warning: Font shape `T1/lmr/bx/scit' undefined
(Font)              using `T1/lmr/bx/sc' instead on input line 1088.


LaTeX Font Warning: Font shape `T1/lmr/bx/scit' undefined
(Font)              using `T1/lmr/bx/sc' instead on input line 1096.


LaTeX Font Warning: Font shape `T1/lmr/bx/scit' undefined
(Font)              using `T1/lmr/bx/sc' instead on input line 1096.


LaTeX Font Warning: Font shape `T1/lmr/bx/scit' undefined
(Font)              using `T1/lmr/bx/sc' instead on input line 1108.


LaTeX Font Warning: Font shape `T1/lmr/bx/scit' undefined
(Font)              using `T1/lmr/bx/sc' instead on input line 1108.

[33 <./screenshots/3-2.png> <./screenshots/3-3.png>]

LaTeX Font Warning: Font shape `T1/lmr/bx/scit' undefined
(Font)              using `T1/lmr/bx/sc' instead on input line 1116.


LaTeX Font Warning: Font shape `T1/lmr/bx/scit' undefined
(Font)              using `T1/lmr/bx/sc' instead on input line 1116.


LaTeX Font Warning: Font shape `T1/lmr/bx/scit' undefined
(Font)              using `T1/lmr/bx/sc' instead on input line 1124.


LaTeX Font Warning: Font shape `T1/lmr/bx/scit' undefined
(Font)              using `T1/lmr/bx/sc' instead on input line 1124.

[34 <./screenshots/4-8.png> <./screenshots/3-4.png>]

LaTeX Font Warning: Font shape `T1/lmr/bx/scit' undefined
(Font)              using `T1/lmr/bx/sc' instead on input line 1138.


LaTeX Font Warning: Font shape `T1/lmr/bx/scit' undefined
(Font)              using `T1/lmr/bx/sc' instead on input line 1138.

[35 <./screenshots/4-7.png> <./screenshots/4-9.png>]

LaTeX Font Warning: Font shape `T1/lmr/bx/scit' undefined
(Font)              using `T1/lmr/bx/sc' instead on input line 1146.


LaTeX Font Warning: Font shape `T1/lmr/bx/scit' undefined
(Font)              using `T1/lmr/bx/sc' instead on input line 1146.


LaTeX Font Warning: Font shape `T1/lmr/bx/scit' undefined
(Font)              using `T1/lmr/bx/sc' instead on input line 1158.


LaTeX Font Warning: Font shape `T1/lmr/bx/scit' undefined
(Font)              using `T1/lmr/bx/sc' instead on input line 1158.


Overfull \hbox (1.74403pt too wide) in paragraph at lines 1161--1162
\T1/lmr/m/n/12 pro-jet. Une flÞche rouge pointe vers un fi-chier nou-vel-le-men
t gÚ-nÚrÚ nommÚ \T1/lmtt/m/n/12 facture_4.txt\T1/lmr/m/n/12 ,
[36 <./screenshots/4-10.png> <./screenshots/4-11.png>]
! Undefined control sequence.
<argument> ...rtpbox {\@nextchar }\insert@pcolumn 
                                                  \@endpbox \do@row@strut \o...
l.1172 \begin{tabular}{L{4cm}C{5.5cm}L{4.5cm}}
                                              
! Undefined control sequence.
<argument> ...rtpbox {\@nextchar }\insert@pcolumn 
                                                  \@endpbox \do@row@strut \o...
l.1172 \begin{tabular}{L{4cm}C{5.5cm}L{4.5cm}}
                                              
! Undefined control sequence.
<argument> ...rtpbox {\@nextchar }\insert@pcolumn 
                                                  \@endpbox \do@row@strut \o...
l.1172 \begin{tabular}{L{4cm}C{5.5cm}L{4.5cm}}
                                              
! Missing # inserted in alignment preamble.
<to be read again> 
                   &
l.1172 \begin{tabular}{L{4cm}C{5.5cm}L{4.5cm}}
                                              
! Missing # inserted in alignment preamble.
<to be read again> 
                   &
l.1172 \begin{tabular}{L{4cm}C{5.5cm}L{4.5cm}}
                                              
! Missing # inserted in alignment preamble.
<to be read again> 
                   \cr 
l.1172 \begin{tabular}{L{4cm}C{5.5cm}L{4.5cm}}
                                              

Overfull \hbox (617.07144pt too wide) in paragraph at lines 1172--1195
 [][] 

LaTeX Font Warning: Font shape `T1/lmr/bx/scit' undefined
(Font)              using `T1/lmr/bx/sc' instead on input line 1195.


LaTeX Font Warning: Font shape `T1/lmr/bx/scit' undefined
(Font)              using `T1/lmr/bx/sc' instead on input line 1195.

! Undefined control sequence.
<argument> \checkmark 
                      
l.1203     \item [\checkmark]
                              \textbf{Unicit├® des identifiants} : IDs uniqu...

! Undefined control sequence.
<argument> \checkmark 
                      
l.1204     \item [\checkmark]
                              \textbf{Validation des formats} : Dates au for...

! Undefined control sequence.
<argument> \checkmark 
                      
l.1205     \item [\checkmark]
                              \textbf{Contraintes temporelles} : Interdictio...

! Undefined control sequence.
<argument> \checkmark 
                      
l.1206     \item [\checkmark]
                              \textbf{Coh├®rence des dates} : V├®rification ...

! Undefined control sequence.
<argument> \checkmark 
                      
l.1207     \item [\checkmark]
                              \textbf{D├®tection des conflits} : Algorithme ...

! Undefined control sequence.
<argument> \checkmark 
                      
l.1208     \item [\checkmark]
                              \textbf{Calculs pr├®cis} : Nuit├®es calcul├®es...

! Undefined control sequence.
<argument> \checkmark 
                      
l.1209     \item [\checkmark]
                              \textbf{Persistance} : Donn├®es correctement s...

! Undefined control sequence.
<argument> \checkmark 
                      
l.1210     \item [\checkmark]
                              \textbf{Int├®grit├® r├®f├®rentielle} : Liens c...

! Undefined control sequence.
<argument> \checkmark 
                      
l.1211     \item [\checkmark]
                              \textbf{Contr├┤le d'acc├¿s} : RBAC respect├® s...

[37] [38] [39] (main.aux)

LaTeX Font Warning: Some font shapes were not available, defaults substituted.


Package rerunfilecheck Warning: File `main.out' has changed.
(rerunfilecheck)                Rerun to get outlines right
(rerunfilecheck)                or use package `bookmark'.

 )
(see the transcript file for additional information)<C:/Users/yazid/AppData/Loc
al/Programs/MiKTeX/fonts/type1/public/amsfonts/latxfont/lcircle1.pfb><C:/Users/
yazid/AppData/Local/Programs/MiKTeX/fonts/type1/public/lm/lmbx10.pfb><C:/Users/
yazid/AppData/Local/Programs/MiKTeX/fonts/type1/public/lm/lmbx12.pfb><C:/Users/
yazid/AppData/Local/Programs/MiKTeX/fonts/type1/public/lm/lmbxi10.pfb><C:/Users
/yazid/AppData/Local/Programs/MiKTeX/fonts/type1/public/lm/lmr12.pfb><C:/Users/
yazid/AppData/Local/Programs/MiKTeX/fonts/type1/public/lm/lmr6.pfb><C:/Users/ya
zid/AppData/Local/Programs/MiKTeX/fonts/type1/public/lm/lmri10.pfb><C:/Users/ya
zid/AppData/Local/Programs/MiKTeX/fonts/type1/public/lm/lmri12.pfb><C:/Users/ya
zid/AppData/Local/Programs/MiKTeX/fonts/type1/public/lm/lmsy10.pfb><C:/Users/ya
zid/AppData/Local/Programs/MiKTeX/fonts/type1/public/lm/lmtk10.pfb><C:/Users/ya
zid/AppData/Local/Programs/MiKTeX/fonts/type1/public/lm/lmtt10.pfb><C:/Users/ya
zid/AppData/Local/Programs/MiKTeX/fonts/type1/public/lm/lmtt12.pfb><C:/Users/ya
zid/AppData/Local/Programs/MiKTeX/fonts/type1/public/lm/lmtti10.pfb>
Output written on main.pdf (40 pages, 2118413 bytes).
Transcript written on main.log.
